Archive member included to satisfy reference by file (symbol)

c:/program files/gnu tools arm embedded/gcc-arm-none-eabi-10.3-2021.07/bin/../lib/gcc/arm-none-eabi/10.3.1/../../../../arm-none-eabi/lib/thumb/v7-m/nofp\libg.a(lib_a-memcmp.o)
                              main.o (memcmp)
c:/program files/gnu tools arm embedded/gcc-arm-none-eabi-10.3-2021.07/bin/../lib/gcc/arm-none-eabi/10.3.1/../../../../arm-none-eabi/lib/thumb/v7-m/nofp\libg.a(lib_a-memcpy.o)
                              main.o (memcpy)
c:/program files/gnu tools arm embedded/gcc-arm-none-eabi-10.3-2021.07/bin/../lib/gcc/arm-none-eabi/10.3.1/../../../../arm-none-eabi/lib/thumb/v7-m/nofp\libg.a(lib_a-memmove.o)
                              main.o (memmove)
c:/program files/gnu tools arm embedded/gcc-arm-none-eabi-10.3-2021.07/bin/../lib/gcc/arm-none-eabi/10.3.1/../../../../arm-none-eabi/lib/thumb/v7-m/nofp\libg.a(lib_a-memset.o)
                              main.o (memset)
c:/program files/gnu tools arm embedded/gcc-arm-none-eabi-10.3-2021.07/bin/../lib/gcc/arm-none-eabi/10.3.1/../../../../arm-none-eabi/lib/thumb/v7-m/nofp\libg.a(lib_a-strcat.o)
                              main.o (strcat)
c:/program files/gnu tools arm embedded/gcc-arm-none-eabi-10.3-2021.07/bin/../lib/gcc/arm-none-eabi/10.3.1/../../../../arm-none-eabi/lib/thumb/v7-m/nofp\libg.a(lib_a-strcpy.o)
                              main.o (strcpy)
c:/program files/gnu tools arm embedded/gcc-arm-none-eabi-10.3-2021.07/bin/../lib/gcc/arm-none-eabi/10.3.1/../../../../arm-none-eabi/lib/thumb/v7-m/nofp\libg.a(lib_a-strlcpy.o)
                              main.o (strlcpy)
c:/program files/gnu tools arm embedded/gcc-arm-none-eabi-10.3-2021.07/bin/../lib/gcc/arm-none-eabi/10.3.1/../../../../arm-none-eabi/lib/thumb/v7-m/nofp\libg.a(lib_a-strlen-stub.o)
                              main.o (strlen)
c:/program files/gnu tools arm embedded/gcc-arm-none-eabi-10.3-2021.07/bin/../lib/gcc/arm-none-eabi/10.3.1/../../../../arm-none-eabi/lib/thumb/v7-m/nofp\libg.a(lib_a-strncat.o)
                              main.o (strncat)
c:/program files/gnu tools arm embedded/gcc-arm-none-eabi-10.3-2021.07/bin/../lib/gcc/arm-none-eabi/10.3.1/../../../../arm-none-eabi/lib/thumb/v7-m/nofp\libg.a(lib_a-strpbrk.o)
                              main.o (strpbrk)
c:/program files/gnu tools arm embedded/gcc-arm-none-eabi-10.3-2021.07/bin/../lib/gcc/arm-none-eabi/10.3.1/../../../../arm-none-eabi/lib/thumb/v7-m/nofp\libg.a(lib_a-strstr.o)
                              main.o (strstr)
c:/program files/gnu tools arm embedded/gcc-arm-none-eabi-10.3-2021.07/bin/../lib/gcc/arm-none-eabi/10.3.1/../../../../arm-none-eabi/lib/thumb/v7-m/nofp\libg.a(lib_a-strtok.o)
                              main.o (strtok)
c:/program files/gnu tools arm embedded/gcc-arm-none-eabi-10.3-2021.07/bin/../lib/gcc/arm-none-eabi/10.3.1/../../../../arm-none-eabi/lib/thumb/v7-m/nofp\libg.a(lib_a-strtok_r.o)
                              c:/program files/gnu tools arm embedded/gcc-arm-none-eabi-10.3-2021.07/bin/../lib/gcc/arm-none-eabi/10.3.1/../../../../arm-none-eabi/lib/thumb/v7-m/nofp\libg.a(lib_a-strtok.o) (__strtok_r)
c:/program files/gnu tools arm embedded/gcc-arm-none-eabi-10.3-2021.07/bin/../lib/gcc/arm-none-eabi/10.3.1/../../../../arm-none-eabi/lib/thumb/v7-m/nofp\libg.a(lib_a-impure.o)
                              c:/program files/gnu tools arm embedded/gcc-arm-none-eabi-10.3-2021.07/bin/../lib/gcc/arm-none-eabi/10.3.1/../../../../arm-none-eabi/lib/thumb/v7-m/nofp\libg.a(lib_a-strtok.o) (_impure_ptr)
c:/program files/gnu tools arm embedded/gcc-arm-none-eabi-10.3-2021.07/bin/../lib/gcc/arm-none-eabi/10.3.1/../../../../arm-none-eabi/lib/thumb/v7-m/nofp\libg.a(lib_a-strchr.o)
                              c:/program files/gnu tools arm embedded/gcc-arm-none-eabi-10.3-2021.07/bin/../lib/gcc/arm-none-eabi/10.3.1/../../../../arm-none-eabi/lib/thumb/v7-m/nofp\libg.a(lib_a-strstr.o) (strchr)
c:/program files/gnu tools arm embedded/gcc-arm-none-eabi-10.3-2021.07/bin/../lib/gcc/arm-none-eabi/10.3.1/../../../../arm-none-eabi/lib/thumb/v7-m/nofp\libg.a(lib_a-strnlen.o)
                              c:/program files/gnu tools arm embedded/gcc-arm-none-eabi-10.3-2021.07/bin/../lib/gcc/arm-none-eabi/10.3.1/../../../../arm-none-eabi/lib/thumb/v7-m/nofp\libg.a(lib_a-strstr.o) (strnlen)

Memory Configuration

Name             Origin             Length             Attributes
FLASH            0x08000000         0x00010000         xr
SRAM             0x20000000         0x00005000         xrw
*default*        0x00000000         0xffffffff

Linker script and memory map

LOAD main.o
LOAD startup.o
LOAD fifo.o
LOAD ../Libraries/CMSIS/Source/system_stm32f10x.o
LOAD ../Libraries/SPL/src/misc.o
LOAD ../Libraries/SPL/src/stm32f10x_rcc.o
LOAD ../Libraries/SPL/src/stm32f10x_gpio.o
LOAD ../Libraries/SPL/src/stm32f10x_i2c.o
LOAD ../Libraries/SPL/src/stm32f10x_usart.o
LOAD ../Libraries/SPL/src/stm32f10x_spi.o
START GROUP
LOAD c:/program files/gnu tools arm embedded/gcc-arm-none-eabi-10.3-2021.07/bin/../lib/gcc/arm-none-eabi/10.3.1/thumb/v7-m/nofp\libgcc.a
LOAD c:/program files/gnu tools arm embedded/gcc-arm-none-eabi-10.3-2021.07/bin/../lib/gcc/arm-none-eabi/10.3.1/../../../../arm-none-eabi/lib/thumb/v7-m/nofp\libg.a
LOAD c:/program files/gnu tools arm embedded/gcc-arm-none-eabi-10.3-2021.07/bin/../lib/gcc/arm-none-eabi/10.3.1/../../../../arm-none-eabi/lib/thumb/v7-m/nofp\libc.a
END GROUP

.text           0x08000000     0x85dc
 *(.isr_vector)
 .isr_vector    0x08000000      0x188 startup.o
                0x08000000                g_pfnVectors
 *(.text*)
 .text          0x08000188     0x4c6c main.o
                0x08000250                PN532_Delay
                0x08000270                PN532_WakeUp
                0x0800029c                PN532_setPassiveActivationRetries
                0x080002e8                PN532_readPassiveTargetID
                0x08000340                PN532_readDetectedPassiveTargetID
                0x080003b8                PN532_SAMConfig
                0x08000410                PN532_getGeneralStatus
                0x08000450                PN532_diagnoseCommunicationLineTest
                0x08000534                PN532_getFirmwareVersion
                0x080005f4                PN532_sendCommandCheckAck
                0x08000644                PN532_writecommand
                0x0800077c                PN532_write
                0x08000804                PN532_readdata
                0x080008e8                PN532_readack
                0x080009f8                PN532_isready
                0x08000b38                PN532_waitready
                0x08000b86                PN532_setDataTarget
                0x08000c08                PN532_getDataTarget
                0x08000c80                PN532_AsTarget
                0x08000ce8                PN532_mifareclassic_AuthenticateBlock
                0x08000dd4                PN532_mifareclassic_ReadDataBlock
                0x08000e4c                PN532_mifareclassic_WriteDataBlock
                0x08000ebc                PN532_Read_Data
                0x08000f60                FLASH_SetLatency
                0x08000f98                FLASH_HalfCycleAccessCmd
                0x08000fc8                FLASH_PrefetchBufferCmd
                0x08000ff8                FLASH_Unlock
                0x0800101c                FLASH_UnlockBank1
                0x08001040                FLASH_Lock
                0x0800105c                FLASH_LockBank1
                0x08001078                FLASH_ErasePage
                0x080010dc                FLASH_EraseAllPages
                0x08001138                FLASH_EraseAllBank1Pages
                0x08001194                FLASH_EraseOptionBytes
                0x08001268                FLASH_ProgramWord
                0x080012fc                FLASH_ProgramHalfWord
                0x08001358                FLASH_ProgramOptionByteData
                0x080013d0                FLASH_EnableWriteProtection
                0x080014e8                FLASH_ReadOutProtection
                0x080015bc                FLASH_UserOptionByteConfig
                0x08001650                FLASH_GetUserOptionByte
                0x08001668                FLASH_GetWriteProtectionOptionByte
                0x0800167c                FLASH_GetReadOutProtectionStatus
                0x080016ac                FLASH_GetPrefetchBufferStatus
                0x080016dc                FLASH_ITConfig
                0x08001718                FLASH_GetFlagStatus
                0x08001768                FLASH_ClearFlag
                0x08001784                FLASH_GetStatus
                0x080017d8                FLASH_GetBank1Status
                0x0800182c                FLASH_WaitForLastOperation
                0x08001870                FLASH_WaitForLastBank1Operation
                0x080018b4                timer_to_cal
                0x08001a88                cal_to_timer
                0x08001b84                RTC_INIT
                0x08001c88                RTC_GET_COUNTER
                0x08001ca8                RTC_SET_COUNTER
                0x08001d3c                LCD_PN532_CreateRunInfoString
                0x08001db0                LCD_BAR_CreateRunInfoString
                0x08001dfc                UIDResponse
                0x08001e60                PA7_Init
                0x08001e9c                SD_SPI_GPIO_Init
                0x08001f00                SD_SPI_AF_Init
                0x08001f60                FLASH_Init
                0x08001f7a                FLASH_Read
                0x08001f90                FLASH_Write
                0x08001fc0                main
                0x08002f5c                ValueInterrupToStr
                0x08003054                SCAN_SendCMD
                0x080030a4                SCAN_SumToString
                0x08003128                LCD_CtrlLinesConfig
                0x080031bc                I2C_SingleRandomWrite
                0x0800327c                LCD_SetCursor
                0x08003318                LCD_WriteData
                0x080033dc                LCD_WriteString
                0x08003416                LCD_RunStringDevInfo
                0x08003644                LCD_RunStringBARCode
                0x0800376c                LCD_RunStringNFCCode
                0x08003894                LCD_Init
                0x08003934                LCD_DisplaySum
                0x080039b8                EXTI_Init
                0x08003a9c                EXTI_GetFlagStatus
                0x08003ad0                EXTI_ClearITPendingBit
                0x08003aec                BTN_Init
                0x08003b1c                BTN_IRQHandler
                0x08003bb4                Usart2Init
                0x08003c64                Usart2_SendData
                0x08003cb4                SCAN_UsartInit
                0x08003d64                LED_Init
                0x08003da4                TIM_Cmd
                0x08003de2                TIM_TimeBaseInit
                0x08003edc                TIM_ITConfig
                0x08003f22                TIM_GetITStatus
                0x08003f74                TIM_ClearITPendingBit
                0x08003f94                Timer1Init
                0x08004008                EnableTimer1Interrupt
                0x0800402c                DisableTimer1Interrupt
                0x08004050                TIM1_IRQHandler
                0x080042a8                PN532_SPIInit
                0x08004370                Send2PC_FirmWareVesion
                0x08004564                PN532_FirmWareVersion2String
                0x080046c8                fourbytes2strhex
                0x080047b0                PN532_WriteTagtoHex
                0x08004890                BytesHex2Str
                0x08004958                PN532_WriteCARD
                0x08004c94                PN532_Write_Data
 .text          0x08004df4       0xe0 startup.o
                0x08004df4                Reset_Handler
                0x08004e94                Delay
                0x08004ebc                GetTickCount
 .text          0x08004ed4      0x1c0 fifo.o
                0x08004ed4                FIFO_GetNextData
                0x08004f30                USART_NUM_IRQHandler
                0x08004fe0                USART2_IRQHandler
                0x0800503c                Date_GetNextDate
 .text          0x08005094      0x1fc ../Libraries/CMSIS/Source/system_stm32f10x.o
                0x08005094                SystemInit
                0x080050a0                SystemCoreClockUpdate
 .text          0x08005290      0x18c ../Libraries/SPL/src/misc.o
                0x08005290                NVIC_PriorityGroupConfig
                0x080052b4                NVIC_Init
                0x08005378                NVIC_SetVectorTable
                0x080053a4                NVIC_SystemLPConfig
                0x080053e4                SysTick_CLKSourceConfig
 .text          0x0800541c      0x7dc ../Libraries/SPL/src/stm32f10x_rcc.o
                0x0800541c                RCC_DeInit
                0x08005478                RCC_HSEConfig
                0x080054d4                RCC_WaitForHSEStartUp
                0x08005524                RCC_AdjustHSICalibrationValue
                0x08005560                RCC_HSICmd
                0x08005580                RCC_PLLConfig
                0x080055bc                RCC_PLLCmd
                0x080055dc                RCC_SYSCLKConfig
                0x08005614                RCC_GetSYSCLKSource
                0x08005630                RCC_HCLKConfig
                0x08005668                RCC_PCLK1Config
                0x080056a0                RCC_PCLK2Config
                0x080056d8                RCC_ITConfig
                0x08005724                RCC_USBCLKConfig
                0x08005740                RCC_ADCCLKConfig
                0x08005778                RCC_LSEConfig
                0x080057b8                RCC_LSICmd
                0x080057d8                RCC_RTCCLKConfig
                0x080057fc                RCC_RTCCLKCmd
                0x0800581c                RCC_GetClocksFreq
                0x08005988                RCC_AHBPeriphClockCmd
                0x080059c4                RCC_APB2PeriphClockCmd
                0x08005a00                RCC_APB1PeriphClockCmd
                0x08005a3c                RCC_APB2PeriphResetCmd
                0x08005a78                RCC_APB1PeriphResetCmd
                0x08005ab4                RCC_BackupResetCmd
                0x08005ad4                RCC_ClockSecuritySystemCmd
                0x08005af4                RCC_MCOConfig
                0x08005b14                RCC_GetFlagStatus
                0x08005b88                RCC_ClearFlag
                0x08005ba4                RCC_GetITStatus
                0x08005bd8                RCC_ClearITPendingBit
 .text          0x08005bf8      0x5d8 ../Libraries/SPL/src/stm32f10x_gpio.o
                0x08005bf8                GPIO_DeInit
                0x08005cdc                GPIO_AFIODeInit
                0x08005cf4                GPIO_Init
                0x08005e6c                GPIO_StructInit
                0x08005e92                GPIO_ReadInputDataBit
                0x08005ec4                GPIO_ReadInputData
                0x08005edc                GPIO_ReadOutputDataBit
                0x08005f0e                GPIO_ReadOutputData
                0x08005f26                GPIO_SetBits
                0x08005f42                GPIO_ResetBits
                0x08005f5e                GPIO_WriteBit
                0x08005f8c                GPIO_Write
                0x08005fa8                GPIO_PinLockConfig
                0x08005fea                GPIO_EventOutputConfig
                0x08006034                GPIO_EventOutputCmd
                0x08006054                GPIO_PinRemapConfig
                0x08006134                GPIO_EXTILineConfig
                0x080061b4                GPIO_ETH_MediaInterfaceConfig
 .text          0x080061d0      0x92c ../Libraries/SPL/src/stm32f10x_i2c.o
                0x080061d0                I2C_DeInit
                0x08006218                I2C_Init
                0x0800639c                I2C_StructInit
                0x080063d8                I2C_Cmd
                0x08006416                I2C_DMACmd
                0x08006454                I2C_DMALastTransferCmd
                0x08006492                I2C_GenerateSTART
                0x080064d0                I2C_GenerateSTOP
                0x0800650e                I2C_AcknowledgeConfig
                0x0800654c                I2C_OwnAddress2Config
                0x0800658e                I2C_DualAddressCmd
                0x080065cc                I2C_GeneralCallCmd
                0x0800660a                I2C_ITConfig
                0x08006650                I2C_SendData
                0x0800666e                I2C_ReceiveData
                0x08006688                I2C_Send7bitAddress
                0x080066c2                I2C_ReadRegister
                0x080066ee                I2C_SoftwareResetCmd
                0x08006730                I2C_NACKPositionConfig
                0x08006770                I2C_SMBusAlertConfig
                0x080067b0                I2C_TransmitPEC
                0x080067ee                I2C_PECPositionConfig
                0x0800682e                I2C_CalculatePEC
                0x0800686c                I2C_GetPEC
                0x0800688a                I2C_ARPCmd
                0x080068c8                I2C_StretchClockCmd
                0x08006906                I2C_FastModeDutyCycleConfig
                0x08006946                I2C_CheckEvent
                0x080069a4                I2C_GetLastEvent
                0x080069e6                I2C_GetFlagStatus
                0x08006a4a                I2C_ClearFlag
                0x08006a76                I2C_GetITStatus
                0x08006ace                I2C_ClearITPendingBit
 .text          0x08006afc      0x8dc ../Libraries/SPL/src/stm32f10x_usart.o
                0x08006afc                USART_DeInit
                0x08006bb4                USART_Init
                0x08006d28                USART_StructInit
                0x08006d60                USART_ClockInit
                0x08006db6                USART_ClockStructInit
                0x08006de0                USART_Cmd
                0x08006e1e                USART_ITConfig
                0x08006eac                USART_DMACmd
                0x08006ef2                USART_SetAddress
                0x08006f2a                USART_WakeUpConfig
                0x08006f60                USART_ReceiverWakeUpCmd
                0x08006f9e                USART_LINBreakDetectLengthConfig
                0x08006fd4                USART_LINCmd
                0x08007012                USART_SendData
                0x08007034                USART_ReceiveData
                0x08007052                USART_SendBreak
                0x08007074                USART_SetGuardTime
                0x080070ae                USART_SetPrescaler
                0x080070e6                USART_SmartCardCmd
                0x08007124                USART_SmartCardNACKCmd
                0x08007162                USART_HalfDuplexCmd
                0x080071a0                USART_OverSampling8Cmd
                0x080071e2                USART_OneBitMethodCmd
                0x08007220                USART_IrDAConfig
                0x08007256                USART_IrDACmd
                0x08007294                USART_GetFlagStatus
                0x080072ca                USART_ClearFlag
                0x080072ea                USART_GetITStatus
                0x0800739e                USART_ClearITPendingBit
 .text          0x080073d8      0x6d0 ../Libraries/SPL/src/stm32f10x_spi.o
                0x080073d8                SPI_I2S_DeInit
                0x0800744c                SPI_Init
                0x080074d2                I2S_Init
                0x08007638                SPI_StructInit
                0x08007680                I2S_StructInit
                0x080076b6                SPI_Cmd
                0x080076f4                I2S_Cmd
                0x08007732                SPI_I2S_ITConfig
                0x08007792                SPI_I2S_DMACmd
                0x080077d8                SPI_I2S_SendData
                0x080077f4                SPI_I2S_ReceiveData
                0x0800780c                SPI_NSSInternalSoftwareConfig
                0x0800784e                SPI_SSOutputCmd
                0x0800788c                SPI_DataSizeConfig
                0x080078c2                SPI_TransmitCRC
                0x080078e4                SPI_CalculateCRC
                0x08007922                SPI_GetCRC
                0x08007952                SPI_GetCRCPolynomial
                0x0800796a                SPI_BiDirectionalLineConfig
                0x080079aa                SPI_I2S_GetFlagStatus
                0x080079e0                SPI_I2S_ClearFlag
                0x08007a00                SPI_I2S_GetITStatus
                0x08007a74                SPI_I2S_ClearITPendingBit
 .text          0x08007aa8        0x0 c:/program files/gnu tools arm embedded/gcc-arm-none-eabi-10.3-2021.07/bin/../lib/gcc/arm-none-eabi/10.3.1/../../../../arm-none-eabi/lib/thumb/v7-m/nofp\libg.a(lib_a-memcmp.o)
 .text.memcmp   0x08007aa8       0x68 c:/program files/gnu tools arm embedded/gcc-arm-none-eabi-10.3-2021.07/bin/../lib/gcc/arm-none-eabi/10.3.1/../../../../arm-none-eabi/lib/thumb/v7-m/nofp\libg.a(lib_a-memcmp.o)
                0x08007aa8                memcmp
 .text          0x08007b10       0xec c:/program files/gnu tools arm embedded/gcc-arm-none-eabi-10.3-2021.07/bin/../lib/gcc/arm-none-eabi/10.3.1/../../../../arm-none-eabi/lib/thumb/v7-m/nofp\libg.a(lib_a-memcpy.o)
                0x08007b10                memcpy
 .text          0x08007bfc        0x0 c:/program files/gnu tools arm embedded/gcc-arm-none-eabi-10.3-2021.07/bin/../lib/gcc/arm-none-eabi/10.3.1/../../../../arm-none-eabi/lib/thumb/v7-m/nofp\libg.a(lib_a-memmove.o)
 .text.memmove  0x08007bfc       0xf8 c:/program files/gnu tools arm embedded/gcc-arm-none-eabi-10.3-2021.07/bin/../lib/gcc/arm-none-eabi/10.3.1/../../../../arm-none-eabi/lib/thumb/v7-m/nofp\libg.a(lib_a-memmove.o)
                0x08007bfc                memmove
 .text          0x08007cf4        0x0 c:/program files/gnu tools arm embedded/gcc-arm-none-eabi-10.3-2021.07/bin/../lib/gcc/arm-none-eabi/10.3.1/../../../../arm-none-eabi/lib/thumb/v7-m/nofp\libg.a(lib_a-memset.o)
 .text.memset   0x08007cf4       0xa4 c:/program files/gnu tools arm embedded/gcc-arm-none-eabi-10.3-2021.07/bin/../lib/gcc/arm-none-eabi/10.3.1/../../../../arm-none-eabi/lib/thumb/v7-m/nofp\libg.a(lib_a-memset.o)
                0x08007cf4                memset
 .text          0x08007d98        0x0 c:/program files/gnu tools arm embedded/gcc-arm-none-eabi-10.3-2021.07/bin/../lib/gcc/arm-none-eabi/10.3.1/../../../../arm-none-eabi/lib/thumb/v7-m/nofp\libg.a(lib_a-strcat.o)
 .text.strcat   0x08007d98       0x40 c:/program files/gnu tools arm embedded/gcc-arm-none-eabi-10.3-2021.07/bin/../lib/gcc/arm-none-eabi/10.3.1/../../../../arm-none-eabi/lib/thumb/v7-m/nofp\libg.a(lib_a-strcat.o)
                0x08007d98                strcat
 .text          0x08007dd8        0x0 c:/program files/gnu tools arm embedded/gcc-arm-none-eabi-10.3-2021.07/bin/../lib/gcc/arm-none-eabi/10.3.1/../../../../arm-none-eabi/lib/thumb/v7-m/nofp\libg.a(lib_a-strcpy.o)
 .text.strcpy   0x08007dd8       0xbc c:/program files/gnu tools arm embedded/gcc-arm-none-eabi-10.3-2021.07/bin/../lib/gcc/arm-none-eabi/10.3.1/../../../../arm-none-eabi/lib/thumb/v7-m/nofp\libg.a(lib_a-strcpy.o)
                0x08007dd8                strcpy
 .text          0x08007e94        0x0 c:/program files/gnu tools arm embedded/gcc-arm-none-eabi-10.3-2021.07/bin/../lib/gcc/arm-none-eabi/10.3.1/../../../../arm-none-eabi/lib/thumb/v7-m/nofp\libg.a(lib_a-strlcpy.o)
 .text.strlcpy  0x08007e94       0x54 c:/program files/gnu tools arm embedded/gcc-arm-none-eabi-10.3-2021.07/bin/../lib/gcc/arm-none-eabi/10.3.1/../../../../arm-none-eabi/lib/thumb/v7-m/nofp\libg.a(lib_a-strlcpy.o)
                0x08007e94                strlcpy
 .text          0x08007ee8        0x0 c:/program files/gnu tools arm embedded/gcc-arm-none-eabi-10.3-2021.07/bin/../lib/gcc/arm-none-eabi/10.3.1/../../../../arm-none-eabi/lib/thumb/v7-m/nofp\libg.a(lib_a-strlen-stub.o)
 .text.strlen   0x08007ee8       0x5c c:/program files/gnu tools arm embedded/gcc-arm-none-eabi-10.3-2021.07/bin/../lib/gcc/arm-none-eabi/10.3.1/../../../../arm-none-eabi/lib/thumb/v7-m/nofp\libg.a(lib_a-strlen-stub.o)
                0x08007ee8                strlen
 .text          0x08007f44        0x0 c:/program files/gnu tools arm embedded/gcc-arm-none-eabi-10.3-2021.07/bin/../lib/gcc/arm-none-eabi/10.3.1/../../../../arm-none-eabi/lib/thumb/v7-m/nofp\libg.a(lib_a-strncat.o)
 .text.strncat  0x08007f44       0x5c c:/program files/gnu tools arm embedded/gcc-arm-none-eabi-10.3-2021.07/bin/../lib/gcc/arm-none-eabi/10.3.1/../../../../arm-none-eabi/lib/thumb/v7-m/nofp\libg.a(lib_a-strncat.o)
                0x08007f44                strncat
 .text          0x08007fa0        0x0 c:/program files/gnu tools arm embedded/gcc-arm-none-eabi-10.3-2021.07/bin/../lib/gcc/arm-none-eabi/10.3.1/../../../../arm-none-eabi/lib/thumb/v7-m/nofp\libg.a(lib_a-strpbrk.o)
 .text.strpbrk  0x08007fa0       0x38 c:/program files/gnu tools arm embedded/gcc-arm-none-eabi-10.3-2021.07/bin/../lib/gcc/arm-none-eabi/10.3.1/../../../../arm-none-eabi/lib/thumb/v7-m/nofp\libg.a(lib_a-strpbrk.o)
                0x08007fa0                strpbrk
 .text          0x08007fd8        0x0 c:/program files/gnu tools arm embedded/gcc-arm-none-eabi-10.3-2021.07/bin/../lib/gcc/arm-none-eabi/10.3.1/../../../../arm-none-eabi/lib/thumb/v7-m/nofp\libg.a(lib_a-strstr.o)
 .text.two_way_long_needle
                0x08007fd8      0x2b8 c:/program files/gnu tools arm embedded/gcc-arm-none-eabi-10.3-2021.07/bin/../lib/gcc/arm-none-eabi/10.3.1/../../../../arm-none-eabi/lib/thumb/v7-m/nofp\libg.a(lib_a-strstr.o)
 .text.strstr   0x08008290      0x168 c:/program files/gnu tools arm embedded/gcc-arm-none-eabi-10.3-2021.07/bin/../lib/gcc/arm-none-eabi/10.3.1/../../../../arm-none-eabi/lib/thumb/v7-m/nofp\libg.a(lib_a-strstr.o)
                0x08008290                strstr
 .text          0x080083f8        0x0 c:/program files/gnu tools arm embedded/gcc-arm-none-eabi-10.3-2021.07/bin/../lib/gcc/arm-none-eabi/10.3.1/../../../../arm-none-eabi/lib/thumb/v7-m/nofp\libg.a(lib_a-strtok.o)
 .text.strtok   0x080083f8       0x10 c:/program files/gnu tools arm embedded/gcc-arm-none-eabi-10.3-2021.07/bin/../lib/gcc/arm-none-eabi/10.3.1/../../../../arm-none-eabi/lib/thumb/v7-m/nofp\libg.a(lib_a-strtok.o)
                0x080083f8                strtok
 .text          0x08008408        0x0 c:/program files/gnu tools arm embedded/gcc-arm-none-eabi-10.3-2021.07/bin/../lib/gcc/arm-none-eabi/10.3.1/../../../../arm-none-eabi/lib/thumb/v7-m/nofp\libg.a(lib_a-strtok_r.o)
 .text.__strtok_r
                0x08008408       0x68 c:/program files/gnu tools arm embedded/gcc-arm-none-eabi-10.3-2021.07/bin/../lib/gcc/arm-none-eabi/10.3.1/../../../../arm-none-eabi/lib/thumb/v7-m/nofp\libg.a(lib_a-strtok_r.o)
                0x08008408                __strtok_r
 .text.strtok_r
                0x08008470        0x8 c:/program files/gnu tools arm embedded/gcc-arm-none-eabi-10.3-2021.07/bin/../lib/gcc/arm-none-eabi/10.3.1/../../../../arm-none-eabi/lib/thumb/v7-m/nofp\libg.a(lib_a-strtok_r.o)
                0x08008470                strtok_r
 .text          0x08008478        0x0 c:/program files/gnu tools arm embedded/gcc-arm-none-eabi-10.3-2021.07/bin/../lib/gcc/arm-none-eabi/10.3.1/../../../../arm-none-eabi/lib/thumb/v7-m/nofp\libg.a(lib_a-impure.o)
 .text          0x08008478        0x0 c:/program files/gnu tools arm embedded/gcc-arm-none-eabi-10.3-2021.07/bin/../lib/gcc/arm-none-eabi/10.3.1/../../../../arm-none-eabi/lib/thumb/v7-m/nofp\libg.a(lib_a-strchr.o)
 .text.strchr   0x08008478       0xcc c:/program files/gnu tools arm embedded/gcc-arm-none-eabi-10.3-2021.07/bin/../lib/gcc/arm-none-eabi/10.3.1/../../../../arm-none-eabi/lib/thumb/v7-m/nofp\libg.a(lib_a-strchr.o)
                0x08008478                strchr
 .text          0x08008544        0x0 c:/program files/gnu tools arm embedded/gcc-arm-none-eabi-10.3-2021.07/bin/../lib/gcc/arm-none-eabi/10.3.1/../../../../arm-none-eabi/lib/thumb/v7-m/nofp\libg.a(lib_a-strnlen.o)
 .text.strnlen  0x08008544       0x24 c:/program files/gnu tools arm embedded/gcc-arm-none-eabi-10.3-2021.07/bin/../lib/gcc/arm-none-eabi/10.3.1/../../../../arm-none-eabi/lib/thumb/v7-m/nofp\libg.a(lib_a-strnlen.o)
                0x08008544                strnlen
 *(.rodata*)
 .rodata        0x08008568       0x70 main.o
 .rodata._global_impure_ptr
                0x080085d8        0x4 c:/program files/gnu tools arm embedded/gcc-arm-none-eabi-10.3-2021.07/bin/../lib/gcc/arm-none-eabi/10.3.1/../../../../arm-none-eabi/lib/thumb/v7-m/nofp\libg.a(lib_a-impure.o)
                0x080085d8                _global_impure_ptr
 *(.eh_frame)
                0x080085dc                _etext = .

.glue_7         0x080085dc        0x0
 .glue_7        0x080085dc        0x0 linker stubs

.glue_7t        0x080085dc        0x0
 .glue_7t       0x080085dc        0x0 linker stubs

.vfp11_veneer   0x080085dc        0x0
 .vfp11_veneer  0x080085dc        0x0 linker stubs

.v4_bx          0x080085dc        0x0
 .v4_bx         0x080085dc        0x0 linker stubs

.iplt           0x080085dc        0x0
 .iplt          0x080085dc        0x0 main.o

.rel.dyn        0x080085dc        0x0
 .rel.iplt      0x080085dc        0x0 main.o

.ARM            0x080085dc        0x0
                0x080085dc                __exidx_start = .
 *(.ARM.exidx*)
                0x080085dc                __exidx_end = .
                0x080085dc                _sidata = .

.data           0x20000000      0x950 load address 0x080085dc
                0x20000000                . = ALIGN (0x4)
                0x20000000                _sdata = .
 *(.data)
 .data          0x20000000      0x4f8 main.o
                0x20000000                _irq
                0x20000001                _reset
                0x20000010                cmd_Version
                0x2000001c                cmd_TriggerScann
                0x20000028                uidhex2pc4b
                0x2000003c                uidnfcwrdara
                0x200003b8                DataHex2pc
                0x20000440                timer
 .data          0x200004f8        0x0 startup.o
 .data          0x200004f8        0x0 fifo.o
 .data          0x200004f8       0x14 ../Libraries/CMSIS/Source/system_stm32f10x.o
                0x200004f8                SystemCoreClock
                0x200004fc                AHBPrescTable
 .data          0x2000050c        0x0 ../Libraries/SPL/src/misc.o
 .data          0x2000050c       0x14 ../Libraries/SPL/src/stm32f10x_rcc.o
 .data          0x20000520        0x0 ../Libraries/SPL/src/stm32f10x_gpio.o
 .data          0x20000520        0x0 ../Libraries/SPL/src/stm32f10x_i2c.o
 .data          0x20000520        0x0 ../Libraries/SPL/src/stm32f10x_usart.o
 .data          0x20000520        0x0 ../Libraries/SPL/src/stm32f10x_spi.o
 .data          0x20000520        0x0 c:/program files/gnu tools arm embedded/gcc-arm-none-eabi-10.3-2021.07/bin/../lib/gcc/arm-none-eabi/10.3.1/../../../../arm-none-eabi/lib/thumb/v7-m/nofp\libg.a(lib_a-memcmp.o)
 .data          0x20000520        0x0 c:/program files/gnu tools arm embedded/gcc-arm-none-eabi-10.3-2021.07/bin/../lib/gcc/arm-none-eabi/10.3.1/../../../../arm-none-eabi/lib/thumb/v7-m/nofp\libg.a(lib_a-memcpy.o)
 .data          0x20000520        0x0 c:/program files/gnu tools arm embedded/gcc-arm-none-eabi-10.3-2021.07/bin/../lib/gcc/arm-none-eabi/10.3.1/../../../../arm-none-eabi/lib/thumb/v7-m/nofp\libg.a(lib_a-memmove.o)
 .data          0x20000520        0x0 c:/program files/gnu tools arm embedded/gcc-arm-none-eabi-10.3-2021.07/bin/../lib/gcc/arm-none-eabi/10.3.1/../../../../arm-none-eabi/lib/thumb/v7-m/nofp\libg.a(lib_a-memset.o)
 .data          0x20000520        0x0 c:/program files/gnu tools arm embedded/gcc-arm-none-eabi-10.3-2021.07/bin/../lib/gcc/arm-none-eabi/10.3.1/../../../../arm-none-eabi/lib/thumb/v7-m/nofp\libg.a(lib_a-strcat.o)
 .data          0x20000520        0x0 c:/program files/gnu tools arm embedded/gcc-arm-none-eabi-10.3-2021.07/bin/../lib/gcc/arm-none-eabi/10.3.1/../../../../arm-none-eabi/lib/thumb/v7-m/nofp\libg.a(lib_a-strcpy.o)
 .data          0x20000520        0x0 c:/program files/gnu tools arm embedded/gcc-arm-none-eabi-10.3-2021.07/bin/../lib/gcc/arm-none-eabi/10.3.1/../../../../arm-none-eabi/lib/thumb/v7-m/nofp\libg.a(lib_a-strlcpy.o)
 .data          0x20000520        0x0 c:/program files/gnu tools arm embedded/gcc-arm-none-eabi-10.3-2021.07/bin/../lib/gcc/arm-none-eabi/10.3.1/../../../../arm-none-eabi/lib/thumb/v7-m/nofp\libg.a(lib_a-strlen-stub.o)
 .data          0x20000520        0x0 c:/program files/gnu tools arm embedded/gcc-arm-none-eabi-10.3-2021.07/bin/../lib/gcc/arm-none-eabi/10.3.1/../../../../arm-none-eabi/lib/thumb/v7-m/nofp\libg.a(lib_a-strncat.o)
 .data          0x20000520        0x0 c:/program files/gnu tools arm embedded/gcc-arm-none-eabi-10.3-2021.07/bin/../lib/gcc/arm-none-eabi/10.3.1/../../../../arm-none-eabi/lib/thumb/v7-m/nofp\libg.a(lib_a-strpbrk.o)
 .data          0x20000520        0x0 c:/program files/gnu tools arm embedded/gcc-arm-none-eabi-10.3-2021.07/bin/../lib/gcc/arm-none-eabi/10.3.1/../../../../arm-none-eabi/lib/thumb/v7-m/nofp\libg.a(lib_a-strstr.o)
 .data          0x20000520        0x0 c:/program files/gnu tools arm embedded/gcc-arm-none-eabi-10.3-2021.07/bin/../lib/gcc/arm-none-eabi/10.3.1/../../../../arm-none-eabi/lib/thumb/v7-m/nofp\libg.a(lib_a-strtok.o)
 .data          0x20000520        0x0 c:/program files/gnu tools arm embedded/gcc-arm-none-eabi-10.3-2021.07/bin/../lib/gcc/arm-none-eabi/10.3.1/../../../../arm-none-eabi/lib/thumb/v7-m/nofp\libg.a(lib_a-strtok_r.o)
 .data          0x20000520        0x0 c:/program files/gnu tools arm embedded/gcc-arm-none-eabi-10.3-2021.07/bin/../lib/gcc/arm-none-eabi/10.3.1/../../../../arm-none-eabi/lib/thumb/v7-m/nofp\libg.a(lib_a-impure.o)
 .data          0x20000520        0x0 c:/program files/gnu tools arm embedded/gcc-arm-none-eabi-10.3-2021.07/bin/../lib/gcc/arm-none-eabi/10.3.1/../../../../arm-none-eabi/lib/thumb/v7-m/nofp\libg.a(lib_a-strchr.o)
 .data          0x20000520        0x0 c:/program files/gnu tools arm embedded/gcc-arm-none-eabi-10.3-2021.07/bin/../lib/gcc/arm-none-eabi/10.3.1/../../../../arm-none-eabi/lib/thumb/v7-m/nofp\libg.a(lib_a-strnlen.o)
 *(.data*)
 .data._impure_ptr
                0x20000520        0x4 c:/program files/gnu tools arm embedded/gcc-arm-none-eabi-10.3-2021.07/bin/../lib/gcc/arm-none-eabi/10.3.1/../../../../arm-none-eabi/lib/thumb/v7-m/nofp\libg.a(lib_a-impure.o)
                0x20000520                _impure_ptr
 *fill*         0x20000524        0x4 
 .data.impure_data
                0x20000528      0x428 c:/program files/gnu tools arm embedded/gcc-arm-none-eabi-10.3-2021.07/bin/../lib/gcc/arm-none-eabi/10.3.1/../../../../arm-none-eabi/lib/thumb/v7-m/nofp\libg.a(lib_a-impure.o)
                0x20000950                . = ALIGN (0x4)
                0x20000950                _edata = .

.igot.plt       0x20000950        0x0 load address 0x08008f2c
 .igot.plt      0x20000950        0x0 main.o

.bss            0x20000950      0x8cc load address 0x08008f2c
                0x20000950                _sbss = .
 *(.bss*)
 .bss           0x20000950      0x634 main.o
                0x20000950                replybuff
                0x20000964                rl
                0x20000968                pn532_packetbuffer
                0x200009a8                pn532_readbuffer
                0x200009e8                _uid
                0x200009ef                _uidLen
                0x200009f0                _key
                0x200009f6                _inListedTag
                0x200009f8                TimingDelay
                0x200009fc                RCC_Clocks
                0x20000a10                buttonState
                0x20000a14                g_sBuffer
                0x20000a98                g_iBufferLength
                0x20000ae4                pn532_cmd
                0x20000b24                pn532_cmdlen
                0x20000b25                btnpress
                0x20000b28                pn532_rddata
                0x20000b68                pn532_rdlen
                0x20000b69                b_getversion
                0x20000b6a                cntbyteversion
                0x20000b6c                ScanerVersion
                0x20000bb3                b_firstrddata
                0x20000bb4                date_sBuffer
                0x20000c38                date_iBufferLength
                0x20000c3c                nfc_command
                0x20000c3d                nfc_cntcomand
                0x20000c3e                b_wakeup
                0x20000c3f                b_samconfig
                0x20000c40                b_rertyes
                0x20000c41                b_discannfc
                0x20000c42                success
                0x20000c43                b_hextostr
                0x20000c44                uid
                0x20000c4b                u8_cntchar
                0x20000c4c                u8_cntindex
                0x20000c50                outwrdata
                0x20000c54                uidLength
                0x20000c58                decuid
                0x20000c5c                cntlooppn532
                0x20000c60                cntbutpress
                0x20000c61                b_1secflg
                0x20000c62                cnttimer30sec
                0x20000c64                cnttimer1sec
                0x20000c66                cnttimer1
                0x20000c68                previousState
                0x20000c69                u8_btnstate
                0x20000c6a                timer1data
                0x20000c6c                testtimer1
                0x20000c6e                timer1flag
                0x20000c6f                u8_wrnfcstatus
                0x20000c70                b_wrstr1
                0x20000c71                pn532_rd_stat
                0x20000c72                pn532_wr_stat
                0x20000c74                NVIC_InitTmr1Structure
                0x20000c78                EXTI_InitExtiStruct
                0x20000c80                NVIC_InitExtiStruct
                0x20000c84                pn_chip
                0x20000c85                pn_fw1chip
                0x20000c86                pn_fw2chip
                0x20000c87                pn_suppchip
                0x20000c88                s_pn_info
                0x20000d08                s_bar_info
                0x20000d88                s_bar_ver_info
                0x20000db4                s_bar_site_info
                0x20000dde                statusDevice
                0x20000de0                rdDataBlock
                0x20000e1c                flash_test
                0x20000e20                tim
 .bss           0x20000f84      0x208 startup.o
                0x20001188                tick
 .bss           0x2000118c       0x90 fifo.o
                0x2000118c                date_InputQueue
                0x200011d4                g_aInputQueue
 .bss           0x2000121c        0x0 ../Libraries/CMSIS/Source/system_stm32f10x.o
 .bss           0x2000121c        0x0 ../Libraries/SPL/src/misc.o
 .bss           0x2000121c        0x0 ../Libraries/SPL/src/stm32f10x_rcc.o
 .bss           0x2000121c        0x0 ../Libraries/SPL/src/stm32f10x_gpio.o
 .bss           0x2000121c        0x0 ../Libraries/SPL/src/stm32f10x_i2c.o
 .bss           0x2000121c        0x0 ../Libraries/SPL/src/stm32f10x_usart.o
 .bss           0x2000121c        0x0 ../Libraries/SPL/src/stm32f10x_spi.o
 .bss           0x2000121c        0x0 c:/program files/gnu tools arm embedded/gcc-arm-none-eabi-10.3-2021.07/bin/../lib/gcc/arm-none-eabi/10.3.1/../../../../arm-none-eabi/lib/thumb/v7-m/nofp\libg.a(lib_a-memcmp.o)
 .bss           0x2000121c        0x0 c:/program files/gnu tools arm embedded/gcc-arm-none-eabi-10.3-2021.07/bin/../lib/gcc/arm-none-eabi/10.3.1/../../../../arm-none-eabi/lib/thumb/v7-m/nofp\libg.a(lib_a-memcpy.o)
 .bss           0x2000121c        0x0 c:/program files/gnu tools arm embedded/gcc-arm-none-eabi-10.3-2021.07/bin/../lib/gcc/arm-none-eabi/10.3.1/../../../../arm-none-eabi/lib/thumb/v7-m/nofp\libg.a(lib_a-memmove.o)
 .bss           0x2000121c        0x0 c:/program files/gnu tools arm embedded/gcc-arm-none-eabi-10.3-2021.07/bin/../lib/gcc/arm-none-eabi/10.3.1/../../../../arm-none-eabi/lib/thumb/v7-m/nofp\libg.a(lib_a-memset.o)
 .bss           0x2000121c        0x0 c:/program files/gnu tools arm embedded/gcc-arm-none-eabi-10.3-2021.07/bin/../lib/gcc/arm-none-eabi/10.3.1/../../../../arm-none-eabi/lib/thumb/v7-m/nofp\libg.a(lib_a-strcat.o)
 .bss           0x2000121c        0x0 c:/program files/gnu tools arm embedded/gcc-arm-none-eabi-10.3-2021.07/bin/../lib/gcc/arm-none-eabi/10.3.1/../../../../arm-none-eabi/lib/thumb/v7-m/nofp\libg.a(lib_a-strcpy.o)
 .bss           0x2000121c        0x0 c:/program files/gnu tools arm embedded/gcc-arm-none-eabi-10.3-2021.07/bin/../lib/gcc/arm-none-eabi/10.3.1/../../../../arm-none-eabi/lib/thumb/v7-m/nofp\libg.a(lib_a-strlcpy.o)
 .bss           0x2000121c        0x0 c:/program files/gnu tools arm embedded/gcc-arm-none-eabi-10.3-2021.07/bin/../lib/gcc/arm-none-eabi/10.3.1/../../../../arm-none-eabi/lib/thumb/v7-m/nofp\libg.a(lib_a-strlen-stub.o)
 .bss           0x2000121c        0x0 c:/program files/gnu tools arm embedded/gcc-arm-none-eabi-10.3-2021.07/bin/../lib/gcc/arm-none-eabi/10.3.1/../../../../arm-none-eabi/lib/thumb/v7-m/nofp\libg.a(lib_a-strncat.o)
 .bss           0x2000121c        0x0 c:/program files/gnu tools arm embedded/gcc-arm-none-eabi-10.3-2021.07/bin/../lib/gcc/arm-none-eabi/10.3.1/../../../../arm-none-eabi/lib/thumb/v7-m/nofp\libg.a(lib_a-strpbrk.o)
 .bss           0x2000121c        0x0 c:/program files/gnu tools arm embedded/gcc-arm-none-eabi-10.3-2021.07/bin/../lib/gcc/arm-none-eabi/10.3.1/../../../../arm-none-eabi/lib/thumb/v7-m/nofp\libg.a(lib_a-strstr.o)
 .bss           0x2000121c        0x0 c:/program files/gnu tools arm embedded/gcc-arm-none-eabi-10.3-2021.07/bin/../lib/gcc/arm-none-eabi/10.3.1/../../../../arm-none-eabi/lib/thumb/v7-m/nofp\libg.a(lib_a-strtok.o)
 .bss           0x2000121c        0x0 c:/program files/gnu tools arm embedded/gcc-arm-none-eabi-10.3-2021.07/bin/../lib/gcc/arm-none-eabi/10.3.1/../../../../arm-none-eabi/lib/thumb/v7-m/nofp\libg.a(lib_a-strtok_r.o)
 .bss           0x2000121c        0x0 c:/program files/gnu tools arm embedded/gcc-arm-none-eabi-10.3-2021.07/bin/../lib/gcc/arm-none-eabi/10.3.1/../../../../arm-none-eabi/lib/thumb/v7-m/nofp\libg.a(lib_a-impure.o)
 .bss           0x2000121c        0x0 c:/program files/gnu tools arm embedded/gcc-arm-none-eabi-10.3-2021.07/bin/../lib/gcc/arm-none-eabi/10.3.1/../../../../arm-none-eabi/lib/thumb/v7-m/nofp\libg.a(lib_a-strchr.o)
 .bss           0x2000121c        0x0 c:/program files/gnu tools arm embedded/gcc-arm-none-eabi-10.3-2021.07/bin/../lib/gcc/arm-none-eabi/10.3.1/../../../../arm-none-eabi/lib/thumb/v7-m/nofp\libg.a(lib_a-strnlen.o)
 *(COMMON)
                0x2000121c                _ebss = .
OUTPUT(BARCODE_YK_E1005_SC0802.elf elf32-littlearm)
LOAD linker stubs

.debug_info     0x00000000     0x7fa0
 .debug_info    0x00000000     0x42df main.o
 .debug_info    0x000042df      0x1f6 startup.o
 .debug_info    0x000044d5      0x367 fifo.o
 .debug_info    0x0000483c      0x2fc ../Libraries/CMSIS/Source/system_stm32f10x.o
 .debug_info    0x00004b38      0x50c ../Libraries/SPL/src/misc.o
 .debug_info    0x00005044      0x8f3 ../Libraries/SPL/src/stm32f10x_rcc.o
 .debug_info    0x00005937      0x72e ../Libraries/SPL/src/stm32f10x_gpio.o
 .debug_info    0x00006065      0xb86 ../Libraries/SPL/src/stm32f10x_i2c.o
 .debug_info    0x00006beb      0xa5b ../Libraries/SPL/src/stm32f10x_usart.o
 .debug_info    0x00007646      0x95a ../Libraries/SPL/src/stm32f10x_spi.o

.debug_abbrev   0x00000000     0x12ce
 .debug_abbrev  0x00000000      0x4a3 main.o
 .debug_abbrev  0x000004a3      0x11b startup.o
 .debug_abbrev  0x000005be      0x172 fifo.o
 .debug_abbrev  0x00000730      0x18e ../Libraries/CMSIS/Source/system_stm32f10x.o
 .debug_abbrev  0x000008be      0x181 ../Libraries/SPL/src/misc.o
 .debug_abbrev  0x00000a3f      0x1d3 ../Libraries/SPL/src/stm32f10x_rcc.o
 .debug_abbrev  0x00000c12      0x1e9 ../Libraries/SPL/src/stm32f10x_gpio.o
 .debug_abbrev  0x00000dfb      0x193 ../Libraries/SPL/src/stm32f10x_i2c.o
 .debug_abbrev  0x00000f8e      0x191 ../Libraries/SPL/src/stm32f10x_usart.o
 .debug_abbrev  0x0000111f      0x1af ../Libraries/SPL/src/stm32f10x_spi.o

.debug_aranges  0x00000000      0x140
 .debug_aranges
                0x00000000       0x20 main.o
 .debug_aranges
                0x00000020       0x20 startup.o
 .debug_aranges
                0x00000040       0x20 fifo.o
 .debug_aranges
                0x00000060       0x20 ../Libraries/CMSIS/Source/system_stm32f10x.o
 .debug_aranges
                0x00000080       0x20 ../Libraries/SPL/src/misc.o
 .debug_aranges
                0x000000a0       0x20 ../Libraries/SPL/src/stm32f10x_rcc.o
 .debug_aranges
                0x000000c0       0x20 ../Libraries/SPL/src/stm32f10x_gpio.o
 .debug_aranges
                0x000000e0       0x20 ../Libraries/SPL/src/stm32f10x_i2c.o
 .debug_aranges
                0x00000100       0x20 ../Libraries/SPL/src/stm32f10x_usart.o
 .debug_aranges
                0x00000120       0x20 ../Libraries/SPL/src/stm32f10x_spi.o

.debug_line     0x00000000     0x45ff
 .debug_line    0x00000000     0x24ba main.o
 .debug_line    0x000024ba      0x1b2 startup.o
 .debug_line    0x0000266c      0x1ea fifo.o
 .debug_line    0x00002856      0x2ed ../Libraries/CMSIS/Source/system_stm32f10x.o
 .debug_line    0x00002b43      0x289 ../Libraries/SPL/src/misc.o
 .debug_line    0x00002dcc      0x540 ../Libraries/SPL/src/stm32f10x_rcc.o
 .debug_line    0x0000330c      0x473 ../Libraries/SPL/src/stm32f10x_gpio.o
 .debug_line    0x0000377f      0x501 ../Libraries/SPL/src/stm32f10x_i2c.o
 .debug_line    0x00003c80      0x50a ../Libraries/SPL/src/stm32f10x_usart.o
 .debug_line    0x0000418a      0x475 ../Libraries/SPL/src/stm32f10x_spi.o

.debug_str      0x00000000     0x32a8
 .debug_str     0x00000000     0x2141 main.o
                               0x2261 (size before relaxing)
 .debug_str     0x00002141       0xab startup.o
                                0x202 (size before relaxing)
 .debug_str     0x000021ec       0xb0 fifo.o
                                0x2d1 (size before relaxing)
 .debug_str     0x0000229c       0xa5 ../Libraries/CMSIS/Source/system_stm32f10x.o
                                0x287 (size before relaxing)
 .debug_str     0x00002341       0xdf ../Libraries/SPL/src/misc.o
                                0x3a8 (size before relaxing)
 .debug_str     0x00002420      0x344 ../Libraries/SPL/src/stm32f10x_rcc.o
                                0x60a (size before relaxing)
 .debug_str     0x00002764      0x217 ../Libraries/SPL/src/stm32f10x_gpio.o
                                0x509 (size before relaxing)
 .debug_str     0x0000297b      0x315 ../Libraries/SPL/src/stm32f10x_i2c.o
                                0x656 (size before relaxing)
 .debug_str     0x00002c90      0x37c ../Libraries/SPL/src/stm32f10x_usart.o
                                0x680 (size before relaxing)
 .debug_str     0x0000300c      0x29c ../Libraries/SPL/src/stm32f10x_spi.o
                                0x5ed (size before relaxing)

.comment        0x00000000       0x49
 .comment       0x00000000       0x49 main.o
                                 0x4a (size before relaxing)
 .comment       0x00000049       0x4a startup.o
 .comment       0x00000049       0x4a fifo.o
 .comment       0x00000049       0x4a ../Libraries/CMSIS/Source/system_stm32f10x.o
 .comment       0x00000049       0x4a ../Libraries/SPL/src/misc.o
 .comment       0x00000049       0x4a ../Libraries/SPL/src/stm32f10x_rcc.o
 .comment       0x00000049       0x4a ../Libraries/SPL/src/stm32f10x_gpio.o
 .comment       0x00000049       0x4a ../Libraries/SPL/src/stm32f10x_i2c.o
 .comment       0x00000049       0x4a ../Libraries/SPL/src/stm32f10x_usart.o
 .comment       0x00000049       0x4a ../Libraries/SPL/src/stm32f10x_spi.o

.ARM.attributes
                0x00000000       0x2b
 .ARM.attributes
                0x00000000       0x2d main.o
 .ARM.attributes
                0x0000002d       0x2d startup.o
 .ARM.attributes
                0x0000005a       0x2d fifo.o
 .ARM.attributes
                0x00000087       0x2d ../Libraries/CMSIS/Source/system_stm32f10x.o
 .ARM.attributes
                0x000000b4       0x2d ../Libraries/SPL/src/misc.o
 .ARM.attributes
                0x000000e1       0x2d ../Libraries/SPL/src/stm32f10x_rcc.o
 .ARM.attributes
                0x0000010e       0x2d ../Libraries/SPL/src/stm32f10x_gpio.o
 .ARM.attributes
                0x0000013b       0x2d ../Libraries/SPL/src/stm32f10x_i2c.o
 .ARM.attributes
                0x00000168       0x2d ../Libraries/SPL/src/stm32f10x_usart.o
 .ARM.attributes
                0x00000195       0x2d ../Libraries/SPL/src/stm32f10x_spi.o
 .ARM.attributes
                0x000001c2       0x2d c:/program files/gnu tools arm embedded/gcc-arm-none-eabi-10.3-2021.07/bin/../lib/gcc/arm-none-eabi/10.3.1/../../../../arm-none-eabi/lib/thumb/v7-m/nofp\libg.a(lib_a-memcmp.o)
 .ARM.attributes
                0x000001ef       0x1b c:/program files/gnu tools arm embedded/gcc-arm-none-eabi-10.3-2021.07/bin/../lib/gcc/arm-none-eabi/10.3.1/../../../../arm-none-eabi/lib/thumb/v7-m/nofp\libg.a(lib_a-memcpy.o)
 .ARM.attributes
                0x0000020a       0x2d c:/program files/gnu tools arm embedded/gcc-arm-none-eabi-10.3-2021.07/bin/../lib/gcc/arm-none-eabi/10.3.1/../../../../arm-none-eabi/lib/thumb/v7-m/nofp\libg.a(lib_a-memmove.o)
 .ARM.attributes
                0x00000237       0x2d c:/program files/gnu tools arm embedded/gcc-arm-none-eabi-10.3-2021.07/bin/../lib/gcc/arm-none-eabi/10.3.1/../../../../arm-none-eabi/lib/thumb/v7-m/nofp\libg.a(lib_a-memset.o)
 .ARM.attributes
                0x00000264       0x2d c:/program files/gnu tools arm embedded/gcc-arm-none-eabi-10.3-2021.07/bin/../lib/gcc/arm-none-eabi/10.3.1/../../../../arm-none-eabi/lib/thumb/v7-m/nofp\libg.a(lib_a-strcat.o)
 .ARM.attributes
                0x00000291       0x2d c:/program files/gnu tools arm embedded/gcc-arm-none-eabi-10.3-2021.07/bin/../lib/gcc/arm-none-eabi/10.3.1/../../../../arm-none-eabi/lib/thumb/v7-m/nofp\libg.a(lib_a-strcpy.o)
 .ARM.attributes
                0x000002be       0x2d c:/program files/gnu tools arm embedded/gcc-arm-none-eabi-10.3-2021.07/bin/../lib/gcc/arm-none-eabi/10.3.1/../../../../arm-none-eabi/lib/thumb/v7-m/nofp\libg.a(lib_a-strlcpy.o)
 .ARM.attributes
                0x000002eb       0x2d c:/program files/gnu tools arm embedded/gcc-arm-none-eabi-10.3-2021.07/bin/../lib/gcc/arm-none-eabi/10.3.1/../../../../arm-none-eabi/lib/thumb/v7-m/nofp\libg.a(lib_a-strlen-stub.o)
 .ARM.attributes
                0x00000318       0x2d c:/program files/gnu tools arm embedded/gcc-arm-none-eabi-10.3-2021.07/bin/../lib/gcc/arm-none-eabi/10.3.1/../../../../arm-none-eabi/lib/thumb/v7-m/nofp\libg.a(lib_a-strncat.o)
 .ARM.attributes
                0x00000345       0x2d c:/program files/gnu tools arm embedded/gcc-arm-none-eabi-10.3-2021.07/bin/../lib/gcc/arm-none-eabi/10.3.1/../../../../arm-none-eabi/lib/thumb/v7-m/nofp\libg.a(lib_a-strpbrk.o)
 .ARM.attributes
                0x00000372       0x2d c:/program files/gnu tools arm embedded/gcc-arm-none-eabi-10.3-2021.07/bin/../lib/gcc/arm-none-eabi/10.3.1/../../../../arm-none-eabi/lib/thumb/v7-m/nofp\libg.a(lib_a-strstr.o)
 .ARM.attributes
                0x0000039f       0x2d c:/program files/gnu tools arm embedded/gcc-arm-none-eabi-10.3-2021.07/bin/../lib/gcc/arm-none-eabi/10.3.1/../../../../arm-none-eabi/lib/thumb/v7-m/nofp\libg.a(lib_a-strtok.o)
 .ARM.attributes
                0x000003cc       0x2d c:/program files/gnu tools arm embedded/gcc-arm-none-eabi-10.3-2021.07/bin/../lib/gcc/arm-none-eabi/10.3.1/../../../../arm-none-eabi/lib/thumb/v7-m/nofp\libg.a(lib_a-strtok_r.o)
 .ARM.attributes
                0x000003f9       0x2d c:/program files/gnu tools arm embedded/gcc-arm-none-eabi-10.3-2021.07/bin/../lib/gcc/arm-none-eabi/10.3.1/../../../../arm-none-eabi/lib/thumb/v7-m/nofp\libg.a(lib_a-impure.o)
 .ARM.attributes
                0x00000426       0x2d c:/program files/gnu tools arm embedded/gcc-arm-none-eabi-10.3-2021.07/bin/../lib/gcc/arm-none-eabi/10.3.1/../../../../arm-none-eabi/lib/thumb/v7-m/nofp\libg.a(lib_a-strchr.o)
 .ARM.attributes
                0x00000453       0x2d c:/program files/gnu tools arm embedded/gcc-arm-none-eabi-10.3-2021.07/bin/../lib/gcc/arm-none-eabi/10.3.1/../../../../arm-none-eabi/lib/thumb/v7-m/nofp\libg.a(lib_a-strnlen.o)

.debug_frame    0x00000000     0x2a50
 .debug_frame   0x00000000      0xf6c main.o
 .debug_frame   0x00000f6c       0xc8 startup.o
 .debug_frame   0x00001034       0x98 fifo.o
 .debug_frame   0x000010cc       0x98 ../Libraries/CMSIS/Source/system_stm32f10x.o
 .debug_frame   0x00001164       0xd8 ../Libraries/SPL/src/misc.o
 .debug_frame   0x0000123c      0x4f4 ../Libraries/SPL/src/stm32f10x_rcc.o
 .debug_frame   0x00001730      0x2d0 ../Libraries/SPL/src/stm32f10x_gpio.o
 .debug_frame   0x00001a00      0x530 ../Libraries/SPL/src/stm32f10x_i2c.o
 .debug_frame   0x00001f30      0x490 ../Libraries/SPL/src/stm32f10x_usart.o
 .debug_frame   0x000023c0      0x3a0 ../Libraries/SPL/src/stm32f10x_spi.o
 .debug_frame   0x00002760       0x28 c:/program files/gnu tools arm embedded/gcc-arm-none-eabi-10.3-2021.07/bin/../lib/gcc/arm-none-eabi/10.3.1/../../../../arm-none-eabi/lib/thumb/v7-m/nofp\libg.a(lib_a-memcmp.o)
 .debug_frame   0x00002788       0x40 c:/program files/gnu tools arm embedded/gcc-arm-none-eabi-10.3-2021.07/bin/../lib/gcc/arm-none-eabi/10.3.1/../../../../arm-none-eabi/lib/thumb/v7-m/nofp\libg.a(lib_a-memmove.o)
 .debug_frame   0x000027c8       0x2c c:/program files/gnu tools arm embedded/gcc-arm-none-eabi-10.3-2021.07/bin/../lib/gcc/arm-none-eabi/10.3.1/../../../../arm-none-eabi/lib/thumb/v7-m/nofp\libg.a(lib_a-memset.o)
 .debug_frame   0x000027f4       0x28 c:/program files/gnu tools arm embedded/gcc-arm-none-eabi-10.3-2021.07/bin/../lib/gcc/arm-none-eabi/10.3.1/../../../../arm-none-eabi/lib/thumb/v7-m/nofp\libg.a(lib_a-strcat.o)
 .debug_frame   0x0000281c       0x20 c:/program files/gnu tools arm embedded/gcc-arm-none-eabi-10.3-2021.07/bin/../lib/gcc/arm-none-eabi/10.3.1/../../../../arm-none-eabi/lib/thumb/v7-m/nofp\libg.a(lib_a-strcpy.o)
 .debug_frame   0x0000283c       0x38 c:/program files/gnu tools arm embedded/gcc-arm-none-eabi-10.3-2021.07/bin/../lib/gcc/arm-none-eabi/10.3.1/../../../../arm-none-eabi/lib/thumb/v7-m/nofp\libg.a(lib_a-strlcpy.o)
 .debug_frame   0x00002874       0x20 c:/program files/gnu tools arm embedded/gcc-arm-none-eabi-10.3-2021.07/bin/../lib/gcc/arm-none-eabi/10.3.1/../../../../arm-none-eabi/lib/thumb/v7-m/nofp\libg.a(lib_a-strlen-stub.o)
 .debug_frame   0x00002894       0x30 c:/program files/gnu tools arm embedded/gcc-arm-none-eabi-10.3-2021.07/bin/../lib/gcc/arm-none-eabi/10.3.1/../../../../arm-none-eabi/lib/thumb/v7-m/nofp\libg.a(lib_a-strncat.o)
 .debug_frame   0x000028c4       0x2c c:/program files/gnu tools arm embedded/gcc-arm-none-eabi-10.3-2021.07/bin/../lib/gcc/arm-none-eabi/10.3.1/../../../../arm-none-eabi/lib/thumb/v7-m/nofp\libg.a(lib_a-strpbrk.o)
 .debug_frame   0x000028f0       0x9c c:/program files/gnu tools arm embedded/gcc-arm-none-eabi-10.3-2021.07/bin/../lib/gcc/arm-none-eabi/10.3.1/../../../../arm-none-eabi/lib/thumb/v7-m/nofp\libg.a(lib_a-strstr.o)
 .debug_frame   0x0000298c       0x20 c:/program files/gnu tools arm embedded/gcc-arm-none-eabi-10.3-2021.07/bin/../lib/gcc/arm-none-eabi/10.3.1/../../../../arm-none-eabi/lib/thumb/v7-m/nofp\libg.a(lib_a-strtok.o)
 .debug_frame   0x000029ac       0x50 c:/program files/gnu tools arm embedded/gcc-arm-none-eabi-10.3-2021.07/bin/../lib/gcc/arm-none-eabi/10.3.1/../../../../arm-none-eabi/lib/thumb/v7-m/nofp\libg.a(lib_a-strtok_r.o)
 .debug_frame   0x000029fc       0x34 c:/program files/gnu tools arm embedded/gcc-arm-none-eabi-10.3-2021.07/bin/../lib/gcc/arm-none-eabi/10.3.1/../../../../arm-none-eabi/lib/thumb/v7-m/nofp\libg.a(lib_a-strchr.o)
 .debug_frame   0x00002a30       0x20 c:/program files/gnu tools arm embedded/gcc-arm-none-eabi-10.3-2021.07/bin/../lib/gcc/arm-none-eabi/10.3.1/../../../../arm-none-eabi/lib/thumb/v7-m/nofp\libg.a(lib_a-strnlen.o)
